[debug] [2026-09-04T15:14:01.509Z] ----------------------------------------------------------------------
[debug] [2026-09-04T15:14:01.511Z] Command:       /Users/itzsihui/.rote/lib/node-runtimes/node-v22.14.0-yuKgaR/bin/node /Users/itzsihui/.nvm/versions/node/v22.14.0/bin/firebase projects:list
[debug] [2026-09-04T15:14:01.511Z] CLI Version:   14.20.0
[debug] [2026-09-04T15:14:01.511Z] Platform:      darwin
[debug] [2026-09-04T15:14:01.511Z] Node Version:  v22.14.0
[debug] [2026-09-04T15:14:01.512Z] Time:          Fri Sep 04 2026 23:14:01 GMT+0800 (Singapore Standard Time)
[debug] [2026-09-04T15:14:01.512Z] ----------------------------------------------------------------------
[debug] 
[debug] [2026-09-04T15:14:01.636Z] > command requires scopes: ["email","openid","https://www.googleapis.com/auth/cloudplatformprojects.readonly","https://www.googleapis.com/auth/firebase","https://www.googleapis.com/auth/cloud-platform"]
[debug] [2026-09-04T15:14:01.636Z] > authorizing via signed-in user (ong.sihui1@gmail.com)
[debug] [2026-09-04T15:14:01.639Z] Checked if tokens are valid: false, expires at: 1766995381628
[debug] [2026-09-04T15:14:01.639Z] Checked if tokens are valid: false, expires at: 1766995381628
[debug] [2026-09-04T15:14:01.639Z] > refreshing access token with scopes: []
[debug] [2026-09-04T15:14:01.641Z] >>> [apiv2][query] POST https://www.googleapis.com/oauth2/v3/token [none]
[debug] [2026-09-04T15:14:01.641Z] >>> [apiv2][body] POST https://www.googleapis.com/oauth2/v3/token [omitted]
[debug] [2026-09-04T15:14:01.848Z] <<< [apiv2][status] POST https://www.googleapis.com/oauth2/v3/token 400
[debug] [2026-09-04T15:14:01.848Z] <<< [apiv2][body] POST https://www.googleapis.com/oauth2/v3/token [omitted]
[debug] [2026-09-04T15:14:01.848Z] >>> [apiv2][query] GET https://firebase.googleapis.com/v1beta1/projects pageSize=1000
[debug] [2026-09-04T15:14:02.831Z] <<< [apiv2][status] GET https://firebase.googleapis.com/v1beta1/projects 401
[debug] [2026-09-04T15:14:02.840Z] <<< [apiv2][body] GET https://firebase.googleapis.com/v1beta1/projects [omitted]
[debug] [2026-09-04T15:14:02.840Z] Got a 401 Unauthenticated error for a call that required authentication. Refreshing tokens.
[debug] [2026-09-04T15:14:02.842Z] Checked if tokens are valid: false, expires at: 1766995381628
[debug] [2026-09-04T15:14:02.842Z] Checked if tokens are valid: false, expires at: 1766995381628
[debug] [2026-09-04T15:14:02.842Z] > refreshing access token with scopes: []
[debug] [2026-09-04T15:14:02.852Z] >>> [apiv2][query] POST https://www.googleapis.com/oauth2/v3/token [none]
[debug] [2026-09-04T15:14:02.852Z] >>> [apiv2][body] POST https://www.googleapis.com/oauth2/v3/token [omitted]
[debug] [2026-09-04T15:14:03.367Z] <<< [apiv2][status] POST https://www.googleapis.com/oauth2/v3/token 400
[debug] [2026-09-04T15:14:03.367Z] <<< [apiv2][body] POST https://www.googleapis.com/oauth2/v3/token [omitted]
[debug] [2026-09-04T15:14:03.375Z] Request to https://firebase.googleapis.com/v1beta1/projects?pageSize=1000 had HTTP Error: 401, Request had invalid authentication credentials. Expected OAuth 2 access token, login cookie or other valid authentication credential. See https://developers.google.com/identity/sign-in/web/devconsole-project.
[debug] [2026-09-04T15:14:03.391Z] FirebaseError: Request to https://firebase.googleapis.com/v1beta1/projects?pageSize=1000 had HTTP Error: 401, Request had invalid authentication credentials. Expected OAuth 2 access token, login cookie or other valid authentication credential. See https://developers.google.com/identity/sign-in/web/devconsole-project.
    at responseToError (/Users/itzsihui/.nvm/versions/node/v22.14.0/lib/node_modules/firebase-tools/lib/responseToError.js:53:12)
    at RetryOperation._fn (/Users/itzsihui/.nvm/versions/node/v22.14.0/lib/node_modules/firebase-tools/lib/apiv2.js:312:77)
    at process.processTicksAndRejections (node:internal/process/task_queues:105:5)
[error] 
[error] Error: Failed to list Firebase projects. See firebase-debug.log for more info.
[debug] [2026-09-04T15:14:03.666Z] Error: EPERM: operation not permitted, open '/Users/itzsihui/.config/configstore/firebase-tools.json.338681820'
    at Object.openSync (node:fs:562:18)
    at Function.writeFileSync [as sync] (/Users/itzsihui/.nvm/versions/node/v22.14.0/lib/node_modules/firebase-tools/node_modules/write-file-atomic/index.js:205:13)
    at set all (/Users/itzsihui/.nvm/versions/node/v22.14.0/lib/node_modules/firebase-tools/node_modules/configstore/index.js:61:20)
    at Configstore.delete (/Users/itzsihui/.nvm/versions/node/v22.14.0/lib/node_modules/firebase-tools/node_modules/configstore/index.js:101:12)
    at process.<anonymous> (/Users/itzsihui/.nvm/versions/node/v22.14.0/lib/node_modules/firebase-tools/lib/bin/cli.js:65:45)
    at process.emit (node:events:530:35)
    at process.exit (node:internal/process/per_thread:184:15)
    at Timeout._onTimeout (/Users/itzsihui/.nvm/versions/node/v22.14.0/lib/node_modules/firebase-tools/lib/errorOut.js:20:17)
    at listOnTimeout (node:internal/timers:594:17)
    at process.processTimers (node:internal/timers:529:7)
[error] 
[error] Error: An unexpected error has occurred.
[debug] [2026-09-04T15:14:25.863Z] ----------------------------------------------------------------------
[debug] [2026-09-04T15:14:25.864Z] Command:       /Users/itzsihui/.rote/lib/node-runtimes/node-v22.14.0-yuKgaR/bin/node /Users/itzsihui/.nvm/versions/node/v22.14.0/bin/firebase login --reauth
[debug] [2026-09-04T15:14:25.864Z] CLI Version:   14.20.0
[debug] [2026-09-04T15:14:25.864Z] Platform:      darwin
[debug] [2026-09-04T15:14:25.865Z] Node Version:  v22.14.0
[debug] [2026-09-04T15:14:25.865Z] Time:          Fri Sep 04 2026 23:14:25 GMT+0800 (Singapore Standard Time)
[debug] [2026-09-04T15:14:25.865Z] ----------------------------------------------------------------------
[debug] 
[info] 
[info] Visit this URL on this device to log in:
[info] https://accounts.google.com/o/oauth2/auth?client_id=563584335869-fgrhgmd47bqnekij5i8b5pr03ho849e6.apps.googleusercontent.com&scope=email%20openid%20https%3A%2F%2Fwww.googleapis.com%2Fauth%2Fcloudplatformprojects.readonly%20https%3A%2F%2Fwww.googleapis.com%2Fauth%2Ffirebase%20https%3A%2F%2Fwww.googleapis.com%2Fauth%2Fcloud-platform&response_type=code&state=260073382&redirect_uri=http%3A%2F%2Flocalhost%3A9005&login_hint=ong.sihui1%40gmail.com
[info] 
[info] Waiting for authentication...
